Running integration tests against http://127.0.0.1:59000...
